Release 14.7 - xst P.20131013 (lin64)
Copyright (c) 1995-2013 Xilinx, Inc.  All rights reserved.
--> 
Parameter TMPDIR set to xst/projnav.tmp


Total REAL time to Xst completion: 0.00 secs
Total CPU time to Xst completion: 0.04 secs
 
--> 
Parameter xsthdpdir set to xst


Total REAL time to Xst completion: 0.00 secs
Total CPU time to Xst completion: 0.04 secs
 
--> 
Reading design: helloActParse.prj

TABLE OF CONTENTS
  1) Synthesis Options Summary
  2) HDL Parsing
  3) HDL Elaboration
  4) HDL Synthesis
       4.1) HDL Synthesis Report
  5) Advanced HDL Synthesis
       5.1) Advanced HDL Synthesis Report
  6) Low Level Synthesis
  7) Partition Report
  8) Design Summary
       8.1) Primitive and Black Box Usage
       8.2) Device utilization summary
       8.3) Partition Resource Summary
       8.4) Timing Report
            8.4.1) Clock Information
            8.4.2) Asynchronous Control Signals Information
            8.4.3) Timing Summary
            8.4.4) Timing Details
            8.4.5) Cross Clock Domains Report


=========================================================================
*                      Synthesis Options Summary                        *
=========================================================================
---- Source Parameters
Input File Name                    : "helloActParse.prj"
Ignore Synthesis Constraint File   : NO

---- Target Parameters
Output File Name                   : "helloActParse"
Output Format                      : NGC
Target Device                      : xa7a100t-2I-csg324

---- Source Options
Top Module Name                    : helloActParse
Automatic FSM Extraction           : YES
FSM Encoding Algorithm             : Auto
Safe Implementation                : No
FSM Style                          : LUT
RAM Extraction                     : Yes
RAM Style                          : Auto
ROM Extraction                     : Yes
Shift Register Extraction          : YES
ROM Style                          : Auto
Resource Sharing                   : YES
Asynchronous To Synchronous        : NO
Shift Register Minimum Size        : 2
Use DSP Block                      : Auto
Automatic Register Balancing       : No

---- Target Options
LUT Combining                      : Auto
Reduce Control Sets                : Auto
Add IO Buffers                     : YES
Global Maximum Fanout              : 100000
Add Generic Clock Buffer(BUFG)     : 16
Register Duplication               : YES
Optimize Instantiated Primitives   : NO
Use Clock Enable                   : Auto
Use Synchronous Set                : Auto
Use Synchronous Reset              : Auto
Pack IO Registers into IOBs        : Auto
Equivalent register Removal        : YES

---- General Options
Optimization Goal                  : Speed
Optimization Effort                : 1
Power Reduction                    : NO
Keep Hierarchy                     : No
Netlist Hierarchy                  : As_Optimized
RTL Output                         : Yes
Global Optimization                : AllClockNets
Read Cores                         : YES
Write Timing Constraints           : NO
Cross Clock Analysis               : NO
Hierarchy Separator                : /
Bus Delimiter                      : <>
Case Specifier                     : Maintain
Slice Utilization Ratio            : 100
BRAM Utilization Ratio             : 100
DSP48 Utilization Ratio            : 100
Auto BRAM Packing                  : NO
Slice Utilization Ratio Delta      : 5

---- Other Options
Cores Search Directories           : {"ipcore_dir"  }

=========================================================================


=========================================================================
*                          HDL Parsing                                  *
=========================================================================
Parsing VHDL file "/home/yash20/isefiles/CS226_OSPF/OSPF/helloActParse.vhd" into library work
Parsing entity <helloActParse>.
Parsing architecture <Behavioral> of entity <helloactparse>.

=========================================================================
*                            HDL Elaboration                            *
=========================================================================

Elaborating entity <helloActParse> (architecture <Behavioral>) from library <work>.
WARNING:HDLCompiler:871 - "/home/yash20/isefiles/CS226_OSPF/OSPF/helloActParse.vhd" Line 82: Using initial value "11" for numlsa since it is never assigned
WARNING:HDLCompiler:871 - "/home/yash20/isefiles/CS226_OSPF/OSPF/helloActParse.vhd" Line 96: Using initial value "0000000000000000000000000000000000000000000000000000000000000000000000000000000000000000000000000000000000000000000000000000000000000000000000000000000000000000" for lsa_packet1 since it is never assigned
WARNING:HDLCompiler:871 - "/home/yash20/isefiles/CS226_OSPF/OSPF/helloActParse.vhd" Line 97: Using initial value "0000000000000000000000000000000000000000000000000000000000000000000000000000000000000000000000000000000000000000000000000000000000000000000000000000000000000000" for lsa_packet2 since it is never assigned
WARNING:HDLCompiler:871 - "/home/yash20/isefiles/CS226_OSPF/OSPF/helloActParse.vhd" Line 98: Using initial value "0000000000000000000000000000000000000000000000000000000000000000000000000000000000000000000000000000000000000000000000000000000000000000000000000000000000000000" for lsa_packet3 since it is never assigned

=========================================================================
*                           HDL Synthesis                               *
=========================================================================

Synthesizing Unit <helloActParse>.
    Related source file is "/home/yash20/isefiles/CS226_OSPF/OSPF/helloActParse.vhd".
WARNING:Xst:647 - Input <request_list_din> is never used. This port will be preserved and left unconnected if it belongs to a top-level block or it belongs to a sub-block and the hierarchy of this sub-block is preserved.
WARNING:Xst:647 - Input <database_din> is never used. This port will be preserved and left unconnected if it belongs to a top-level block or it belongs to a sub-block and the hierarchy of this sub-block is preserved.
WARNING:Xst:647 - Input <request_list_empty> is never used. This port will be preserved and left unconnected if it belongs to a top-level block or it belongs to a sub-block and the hierarchy of this sub-block is preserved.
WARNING:Xst:2935 - Signal 'request_list_rd_en', unconnected in block 'helloActParse', is tied to its initial value (0).
WARNING:Xst:2935 - Signal 'database_rd_en', unconnected in block 'helloActParse', is tied to its initial value (0).
    Found 10-bit register for signal <curr_time>.
    Found 1-bit register for signal <master>.
    Found 1-bit register for signal <init_sig>.
    Found 1-bit register for signal <seqnum_error>.
    Found 32-bit register for signal <curr_seqnum>.
    Found 1-bit register for signal <receiving_complete>.
    Found 3-bit register for signal <p_dbd>.
    Found 7-bit register for signal <sending_length>.
    Found 32-bit register for signal <old_neighbor>.
    Found 32-bit register for signal <router_id>.
    Found 8-bit register for signal <out1>.
    Found 1-bit register for signal <outval>.
    Found 1-bit register for signal <lsa_queue_wr_en>.
    Found 8-bit register for signal <lsa_queue_dout>.
    Found 1-bit register for signal <sending_complete>.
    Found 32-bit register for signal <active_neighbor>.
    Found 2-bit register for signal <in_index>.
    Found 2-bit register for signal <ID_part>.
    Found 32-bit register for signal <neighbor_id>.
    Found 32-bit register for signal <temp_dbd_received>.
    Found 3-bit register for signal <p_read>.
    Found 3-bit register for signal <p_state>.
    Found finite state machine <FSM_0> for signal <p_dbd>.
    -----------------------------------------------------------------------
    | States             | 5                                              |
    | Transitions        | 10                                             |
    | Inputs             | 3                                              |
    | Outputs            | 8                                              |
    | Clock              | clk (rising_edge)                              |
    | Power Up State     | idle                                           |
    | Encoding           | auto                                           |
    | Implementation     | LUT                                            |
    -----------------------------------------------------------------------
    Found finite state machine <FSM_2> for signal <ID_part>.
    -----------------------------------------------------------------------
    | States             | 4                                              |
    | Transitions        | 4                                              |
    | Inputs             | 2                                              |
    | Outputs            | 4                                              |
    | Clock              | clk (rising_edge)                              |
    | Reset              | _n0699 (positive)                              |
    | Reset type         | synchronous                                    |
    | Reset State        | 00                                             |
    | Power Up State     | 00                                             |
    | Encoding           | auto                                           |
    | Implementation     | LUT                                            |
    -----------------------------------------------------------------------
    Found finite state machine <FSM_3> for signal <p_read>.
    -----------------------------------------------------------------------
    | States             | 8                                              |
    | Transitions        | 24                                             |
    | Inputs             | 2                                              |
    | Outputs            | 10                                             |
    | Clock              | clk (rising_edge)                              |
    | Reset              | _n0701 (positive)                              |
    | Reset type         | synchronous                                    |
    | Reset State        | idle_r                                         |
    | Power Up State     | idle_r                                         |
    | Encoding           | auto                                           |
    | Implementation     | LUT                                            |
    -----------------------------------------------------------------------
INFO:Xst:1799 - State loading is never reached in FSM <p_state>.
INFO:Xst:1799 - State full is never reached in FSM <p_state>.
    Found finite state machine <FSM_1> for signal <p_state>.
    -----------------------------------------------------------------------
    | States             | 8                                              |
    | Transitions        | 47                                             |
    | Inputs             | 17                                             |
    | Outputs            | 15                                             |
    | Clock              | clk (rising_edge)                              |
    | Power Up State     | down                                           |
    | Encoding           | auto                                           |
    | Implementation     | LUT                                            |
    -----------------------------------------------------------------------
    Found 11-bit adder for signal <n0575> created at line 182.
    Found 6-bit adder for signal <n0650> created at line 509.
    Found 10-bit subtractor for signal <GND_5_o_PWR_5_o_mux_240_OUT> created at line 388.
    Found 2-bit subtractor for signal <GND_5_o_GND_5_o_sub_697_OUT<1:0>> created at line 564.
    Found 7-bit subtractor for signal <GND_5_o_GND_5_o_sub_768_OUT<6:0>> created at line 619.
    Found 10-bit 7-to-1 multiplexer for signal <next_time> created at line 295.
    Found 7-bit 5-to-1 multiplexer for signal <sending_len_next> created at line 582.
    Found 32-bit comparator lessequal for signal <self[31]_router_id_sig[31]_LessThan_176_o> created at line 261
    Found 32-bit comparator equal for signal <n0156> created at line 269
    Found 32-bit comparator equal for signal <old_neighbor[31]_self[31]_equal_212_o> created at line 323
    Summary:
	inferred   5 Adder/Subtractor(s).
	inferred 234 D-type flip-flop(s).
	inferred   3 Comparator(s).
	inferred 158 Multiplexer(s).
	inferred   4 Finite State Machine(s).
Unit <helloActParse> synthesized.

=========================================================================
HDL Synthesis Report

Macro Statistics
# Adders/Subtractors                                   : 5
 10-bit subtractor                                     : 1
 11-bit adder                                          : 1
 2-bit subtractor                                      : 1
 6-bit adder                                           : 1
 7-bit subtractor                                      : 1
# Registers                                            : 18
 1-bit register                                        : 7
 10-bit register                                       : 1
 2-bit register                                        : 1
 32-bit register                                       : 6
 7-bit register                                        : 1
 8-bit register                                        : 2
# Comparators                                          : 3
 32-bit comparator equal                               : 2
 32-bit comparator lessequal                           : 1
# Multiplexers                                         : 158
 1-bit 2-to-1 multiplexer                              : 126
 10-bit 2-to-1 multiplexer                             : 11
 10-bit 7-to-1 multiplexer                             : 1
 2-bit 2-to-1 multiplexer                              : 1
 32-bit 2-to-1 multiplexer                             : 11
 7-bit 2-to-1 multiplexer                              : 3
 7-bit 5-to-1 multiplexer                              : 1
 8-bit 2-to-1 multiplexer                              : 4
# FSMs                                                 : 4

=========================================================================

=========================================================================
*                       Advanced HDL Synthesis                          *
=========================================================================

WARNING:Xst - The specified part-type was not generated at build time. XST is loading the full part-type and will therefore consume more CPU and memory.
Loading device for application Rf_Device from file '7a100t.nph' in environment /opt/Xilinx/14.7/ISE_DS/ISE/.
Loading device for application Rf_Device from file '7a100t.nph' in environment /opt/Xilinx/14.7/ISE_DS/ISE/.

Synthesizing (advanced) Unit <helloActParse>.
The following registers are absorbed into counter <in_index>: 1 register on signal <in_index>.
Unit <helloActParse> synthesized (advanced).

=========================================================================
Advanced HDL Synthesis Report

Macro Statistics
# Adders/Subtractors                                   : 4
 10-bit subtractor                                     : 1
 11-bit adder                                          : 1
 6-bit adder                                           : 1
 7-bit subtractor                                      : 1
# Counters                                             : 1
 2-bit down counter                                    : 1
# Registers                                            : 232
 Flip-Flops                                            : 232
# Comparators                                          : 3
 32-bit comparator equal                               : 2
 32-bit comparator lessequal                           : 1
# Multiplexers                                         : 157
 1-bit 2-to-1 multiplexer                              : 126
 10-bit 2-to-1 multiplexer                             : 11
 10-bit 7-to-1 multiplexer                             : 1
 32-bit 2-to-1 multiplexer                             : 11
 7-bit 2-to-1 multiplexer                              : 3
 7-bit 5-to-1 multiplexer                              : 1
 8-bit 2-to-1 multiplexer                              : 4
# FSMs                                                 : 4

=========================================================================

=========================================================================
*                         Low Level Synthesis                           *
=========================================================================
Analyzing FSM <MFsm> for best encoding.
Optimizing FSM <FSM_2> on signal <ID_part[1:4]> with one-hot encoding.
-------------------
 State | Encoding
-------------------
 00    | 0001
 01    | 0010
 10    | 0100
 11    | 1000
-------------------
Analyzing FSM <MFsm> for best encoding.
Optimizing FSM <FSM_3> on signal <p_read[1:3]> with user encoding.
-----------------------
 State     | Encoding
-----------------------
 idle_r    | 000
 options   | 001
 seqnum    | 010
 lsa_part1 | 011
 lsa_part2 | 100
 lsa_part3 | 101
 lsa_part4 | 110
 lsa_part5 | 111
-----------------------
Analyzing FSM <MFsm> for best encoding.
Optimizing FSM <FSM_1> on signal <p_state[1:3]> with user encoding.
--------------------------------
 State              | Encoding
--------------------------------
 one_way            | 000
 down               | 001
 init               | 010
 exstart            | 011
 exchange_sending   | 100
 exchange_listening | 101
 loading            | unreached
 full               | unreached
--------------------------------
Analyzing FSM <MFsm> for best encoding.
Optimizing FSM <FSM_0> on signal <p_dbd[1:3]> with user encoding.
------------------------------
 State            | Encoding
------------------------------
 idle             | 000
 fetching_lsa     | 001
 sending_ip       | 010
 sending_ospfhead | 011
 sending_dbd      | 100
------------------------------

Optimizing unit <helloActParse> ...

Mapping all equations...
Building and optimizing final netlist ...
Found area constraint ratio of 100 (+ 5) on block helloActParse, actual ratio is 0.
FlipFlop master has been replicated 1 time(s)

Final Macro Processing ...

=========================================================================
Final Register Report

Macro Statistics
# Registers                                            : 248
 Flip-Flops                                            : 248

=========================================================================

=========================================================================
*                           Partition Report                            *
=========================================================================

Partition Implementation Status
-------------------------------

  No Partitions were found in this design.

-------------------------------

=========================================================================
*                            Design Summary                             *
=========================================================================

Top Level Output File Name         : helloActParse.ngc

Primitive and Black Box Usage:
------------------------------
# BELS                             : 411
#      GND                         : 1
#      INV                         : 1
#      LUT1                        : 1
#      LUT2                        : 13
#      LUT3                        : 42
#      LUT4                        : 143
#      LUT5                        : 76
#      LUT6                        : 85
#      MUXCY                       : 41
#      MUXF7                       : 7
#      VCC                         : 1
# FlipFlops/Latches                : 248
#      FD                          : 43
#      FDE                         : 196
#      FDR                         : 6
#      FDS                         : 3
# Clock Buffers                    : 1
#      BUFGP                       : 1
# IO Buffers                       : 99
#      IBUF                        : 44
#      OBUF                        : 55

Device utilization summary:
---------------------------

Selected Device : xa7a100tcsg324-2i 


Slice Logic Utilization: 
 Number of Slice Registers:             248  out of  126800     0%  
 Number of Slice LUTs:                  361  out of  63400     0%  
    Number used as Logic:               361  out of  63400     0%  

Slice Logic Distribution: 
 Number of LUT Flip Flop pairs used:    424
   Number with an unused Flip Flop:     176  out of    424    41%  
   Number with an unused LUT:            63  out of    424    14%  
   Number of fully used LUT-FF pairs:   185  out of    424    43%  
   Number of unique control sets:        11

IO Utilization: 
 Number of IOs:                         117
 Number of bonded IOBs:                 100  out of    210    47%  

Specific Feature Utilization:
 Number of BUFG/BUFGCTRLs:                1  out of     32     3%  

---------------------------
Partition Resource Summary:
---------------------------

  No Partitions were found in this design.

---------------------------


=========================================================================
Timing Report

NOTE: THESE TIMING NUMBERS ARE ONLY A SYNTHESIS ESTIMATE.
      FOR ACCURATE TIMING INFORMATION PLEASE REFER TO THE TRACE REPORT
      GENERATED AFTER PLACE-and-ROUTE.

Clock Information:
------------------
-----------------------------------+------------------------+-------+
Clock Signal                       | Clock buffer(FF name)  | Load  |
-----------------------------------+------------------------+-------+
clk                                | BUFGP                  | 248   |
-----------------------------------+------------------------+-------+

Asynchronous Control Signals Information:
----------------------------------------
No asynchronous control signals found in this design

Timing Summary:
---------------
Speed Grade: -2

   Minimum period: 4.197ns (Maximum Frequency: 238.262MHz)
   Minimum input arrival time before clock: 3.924ns
   Maximum output required time after clock: 1.487ns
   Maximum combinational path delay: No path found

Timing Details:
---------------
All values displayed in nanoseconds (ns)

=========================================================================
Timing constraint: Default period analysis for Clock 'clk'
  Clock period: 4.197ns (frequency: 238.262MHz)
  Total number of paths / destination ports: 32143 / 348
-------------------------------------------------------------------------
Delay:               4.197ns (Levels of Logic = 6)
  Source:            seqnum_error (FF)
  Destination:       curr_seqnum_0 (FF)
  Source Clock:      clk rising
  Destination Clock: clk rising

  Data Path: seqnum_error to curr_seqnum_0
                                Gate     Net
    Cell:in->out      fanout   Delay   Delay  Logical Name (Net Name)
    ----------------------------------------  ------------
     FDE:C->Q              8   0.361   0.478  seqnum_error (seqnum_error)
     LUT2:I0->O            1   0.097   0.439  p_state_FSM_FFd1-In3 (p_state_FSM_FFd1-In3)
     LUT6:I4->O            1   0.097   0.743  p_state_FSM_FFd2-In111_SW2 (N34)
     LUT6:I1->O           38   0.097   0.470  p_state_FSM_FFd1-In5 (p_state_FSM_FFd1-In)
     MUXF7:S->O            1   0.335   0.439  p_state_FSM_FFd2-In1_SW1 (N78)
     LUT6:I4->O           16   0.097   0.438  Mmux_curr_seqnum[31]_curr_seqnum[31]_mux_187_OUT1112 (Mmux_curr_seqnum[31]_curr_seqnum[31]_mux_187_OUT111)
     LUT5:I4->O            1   0.097   0.000  Mmux_curr_seqnum[31]_curr_seqnum[31]_mux_187_OUT11 (curr_seqnum[31]_curr_seqnum[31]_mux_187_OUT<0>)
     FDE:D                     0.008          curr_seqnum_0
    ----------------------------------------
    Total                      4.197ns (1.189ns logic, 3.008ns route)
                                       (28.3% logic, 71.7% route)

=========================================================================
Timing constraint: Default OFFSET IN BEFORE for Clock 'clk'
  Total number of paths / destination ports: 7441 / 372
-------------------------------------------------------------------------
Offset:              3.924ns (Levels of Logic = 7)
  Source:            dbd_val (PAD)
  Destination:       curr_seqnum_0 (FF)
  Destination Clock: clk rising

  Data Path: dbd_val to curr_seqnum_0
                                Gate     Net
    Cell:in->out      fanout   Delay   Delay  Logical Name (Net Name)
    ----------------------------------------  ------------
     IBUF:I->O            15   0.001   0.649  dbd_val_IBUF (dbd_val_IBUF)
     LUT3:I0->O            1   0.097   0.355  Mmux_seqnum_error_seqnum_error_MUX_135_o121_1 (Mmux_seqnum_error_seqnum_error_MUX_135_o121)
     LUT6:I5->O            1   0.097   0.743  p_state_FSM_FFd2-In111_SW2 (N34)
     LUT6:I1->O           38   0.097   0.470  p_state_FSM_FFd1-In5 (p_state_FSM_FFd1-In)
     MUXF7:S->O            1   0.335   0.439  p_state_FSM_FFd2-In1_SW1 (N78)
     LUT6:I4->O           16   0.097   0.438  Mmux_curr_seqnum[31]_curr_seqnum[31]_mux_187_OUT1112 (Mmux_curr_seqnum[31]_curr_seqnum[31]_mux_187_OUT111)
     LUT5:I4->O            1   0.097   0.000  Mmux_curr_seqnum[31]_curr_seqnum[31]_mux_187_OUT11 (curr_seqnum[31]_curr_seqnum[31]_mux_187_OUT<0>)
     FDE:D                     0.008          curr_seqnum_0
    ----------------------------------------
    Total                      3.924ns (0.829ns logic, 3.095ns route)
                                       (21.1% logic, 78.9% route)

=========================================================================
Timing constraint: Default OFFSET OUT AFTER for Clock 'clk'
  Total number of paths / destination ports: 57 / 53
-------------------------------------------------------------------------
Offset:              1.487ns (Levels of Logic = 2)
  Source:            p_state_FSM_FFd3 (FF)
  Destination:       stateout<1> (PAD)
  Source Clock:      clk rising

  Data Path: p_state_FSM_FFd3 to stateout<1>
                                Gate     Net
    Cell:in->out      fanout   Delay   Delay  Logical Name (Net Name)
    ----------------------------------------  ------------
     FD:C->Q              23   0.361   0.690  p_state_FSM_FFd3 (p_state_FSM_FFd3)
     LUT3:I0->O            1   0.097   0.339  p_state_stateout<1>1 (stateout_1_OBUF)
     OBUF:I->O                 0.000          stateout_1_OBUF (stateout<1>)
    ----------------------------------------
    Total                      1.487ns (0.458ns logic, 1.029ns route)
                                       (30.8% logic, 69.2% route)

=========================================================================

Cross Clock Domains Report:
--------------------------

Clock to Setup on destination clock clk
---------------+---------+---------+---------+---------+
               | Src:Rise| Src:Fall| Src:Rise| Src:Fall|
Source Clock   |Dest:Rise|Dest:Rise|Dest:Fall|Dest:Fall|
---------------+---------+---------+---------+---------+
clk            |    4.197|         |         |         |
---------------+---------+---------+---------+---------+

=========================================================================


Total REAL time to Xst completion: 36.00 secs
Total CPU time to Xst completion: 30.40 secs
 
--> 


Total memory usage is 863696 kilobytes

Number of errors   :    0 (   0 filtered)
Number of warnings :   10 (   0 filtered)
Number of infos    :    2 (   0 filtered)

