--------------------------------------------------------------------------------
Release 14.7 Trace  (lin64)
Copyright (c) 1995-2013 Xilinx, Inc.  All rights reserved.

/opt/Xilinx/14.7/ISE_DS/ISE/bin/lin64/unwrapped/trce -intstyle ise -v 3 -s 2I
-n 3 -fastpaths -xml lsugen.twx lsugen.ncd -o lsugen.twr lsugen.pcf

Design file:              lsugen.ncd
Physical constraint file: lsugen.pcf
Device,package,speed:     xa7a100t,csg324,I,-2I (PRELIMINARY 1.07 2013-10-13)
Report level:             verbose report

Environment Variable      Effect 
--------------------      ------ 
NONE                      No environment variables were set
--------------------------------------------------------------------------------

INFO:Timing:2698 - No timing constraints found, doing default enumeration.
INFO:Timing:3412 - To improve timing, see the Timing Closure User Guide (UG612).
INFO:Timing:2752 - To get complete path coverage, use the unconstrained paths 
   option. All paths that are not constrained will be reported in the 
   unconstrained paths section(s) of the report.
INFO:Timing:3339 - The clock-to-out numbers in this timing report are based on 
   a 50 Ohm transmission line loading model.  For the details of this model, 
   and for more information on accounting for different loading conditions, 
   please see the device datasheet.



Data Sheet report:
-----------------
All values displayed in nanoseconds (ns)

Clock to Setup on destination clock clk
---------------+---------+---------+---------+---------+
               | Src:Rise| Src:Fall| Src:Rise| Src:Fall|
Source Clock   |Dest:Rise|Dest:Rise|Dest:Fall|Dest:Fall|
---------------+---------+---------+---------+---------+
db_busy_write  |         |    6.894|         |         |
n1state<0>     |         |    6.894|         |         |
n1state<1>     |         |    6.894|         |         |
n1state<2>     |         |    6.894|         |         |
n2state<0>     |         |    6.894|         |         |
n2state<1>     |         |    6.894|         |         |
n2state<2>     |         |    6.894|         |         |
n3state<0>     |         |    6.894|         |         |
n3state<1>     |         |    6.894|         |         |
n3state<2>     |         |    6.894|         |         |
n4state<0>     |         |    6.894|         |         |
n4state<1>     |         |    6.894|         |         |
n4state<2>     |         |    6.894|         |         |
n5state<0>     |         |    6.894|         |         |
n5state<1>     |         |    6.894|         |         |
n5state<2>     |         |    6.894|         |         |
n6state<0>     |         |    6.894|         |         |
n6state<1>     |         |    6.894|         |         |
n6state<2>     |         |    6.894|         |         |
n7state<0>     |         |    6.894|         |         |
n7state<1>     |         |    6.894|         |         |
n7state<2>     |         |    6.894|         |         |
n8state<0>     |         |    6.894|         |         |
n8state<1>     |         |    6.894|         |         |
n8state<2>     |         |    6.894|         |         |
---------------+---------+---------+---------+---------+

Clock to Setup on destination clock db_busy_write
---------------+---------+---------+---------+---------+
               | Src:Rise| Src:Fall| Src:Rise| Src:Fall|
Source Clock   |Dest:Rise|Dest:Rise|Dest:Fall|Dest:Fall|
---------------+---------+---------+---------+---------+
clk            |         |         |    4.888|         |
n1state<0>     |         |         |    0.967|    0.967|
n1state<1>     |         |         |    0.701|    0.701|
n1state<2>     |         |         |    0.836|    0.836|
n2state<0>     |         |         |    0.900|    0.900|
n2state<1>     |         |         |    0.379|    0.379|
n2state<2>     |         |         |    1.116|    1.116|
n3state<0>     |         |         |    0.919|    0.919|
n3state<1>     |         |         |    1.213|    1.213|
n3state<2>     |         |         |    0.375|    0.375|
n4state<0>     |         |         |    0.993|    0.993|
n4state<1>     |         |         |    0.216|    0.216|
n4state<2>     |         |         |    0.645|    0.645|
n5state<0>     |         |         |    0.807|    0.807|
n5state<1>     |         |         |    1.159|    1.159|
n5state<2>     |         |         |    0.302|    0.302|
n6state<0>     |         |         |    0.462|    0.462|
n6state<1>     |         |         |    1.041|    1.041|
n6state<2>     |         |         |    0.140|    0.140|
n7state<0>     |         |         |    1.120|    1.120|
n7state<1>     |         |         |    0.658|    0.658|
n7state<2>     |         |         |    0.819|    0.819|
n8state<0>     |         |         |    1.520|    1.520|
n8state<1>     |         |         |    1.344|    1.344|
n8state<2>     |         |         |    1.426|    1.426|
---------------+---------+---------+---------+---------+

Clock to Setup on destination clock n1state<0>
---------------+---------+---------+---------+---------+
               | Src:Rise| Src:Fall| Src:Rise| Src:Fall|
Source Clock   |Dest:Rise|Dest:Rise|Dest:Fall|Dest:Fall|
---------------+---------+---------+---------+---------+
clk            |         |         |    4.888|         |
n1state<0>     |         |         |   -0.297|   -0.297|
n1state<1>     |         |         |   -0.395|   -0.395|
n1state<2>     |         |         |   -0.366|   -0.366|
n2state<0>     |         |         |   -0.355|   -0.355|
n2state<1>     |         |         |   -0.592|   -0.592|
n2state<2>     |         |         |   -0.244|   -0.244|
n3state<0>     |         |         |   -0.302|   -0.302|
n3state<1>     |         |         |   -0.164|   -0.164|
n3state<2>     |         |         |   -0.630|   -0.630|
n4state<0>     |         |         |   -0.271|   -0.271|
n4state<1>     |         |         |   -0.695|   -0.695|
n4state<2>     |         |         |   -0.474|   -0.474|
n5state<0>     |         |         |   -0.231|   -0.231|
n5state<1>     |         |         |   -0.072|   -0.072|
n5state<2>     |         |         |   -0.680|   -0.680|
n6state<0>     |         |         |   -0.573|   -0.573|
n6state<1>     |         |         |   -0.221|   -0.221|
n6state<2>     |         |         |   -0.725|   -0.725|
n7state<0>     |         |         |   -0.218|   -0.218|
n7state<1>     |         |         |   -0.472|   -0.472|
n7state<2>     |         |         |   -0.330|   -0.330|
n8state<0>     |         |         |    0.085|    0.085|
n8state<1>     |         |         |   -0.028|   -0.028|
n8state<2>     |         |         |    0.012|    0.012|
---------------+---------+---------+---------+---------+

Clock to Setup on destination clock n1state<1>
---------------+---------+---------+---------+---------+
               | Src:Rise| Src:Fall| Src:Rise| Src:Fall|
Source Clock   |Dest:Rise|Dest:Rise|Dest:Fall|Dest:Fall|
---------------+---------+---------+---------+---------+
clk            |         |         |    4.888|         |
n1state<0>     |         |         |   -0.216|   -0.216|
n1state<1>     |         |         |   -0.314|   -0.314|
n1state<2>     |         |         |   -0.285|   -0.285|
n2state<0>     |         |         |   -0.274|   -0.274|
n2state<1>     |         |         |   -0.511|   -0.511|
n2state<2>     |         |         |   -0.163|   -0.163|
n3state<0>     |         |         |   -0.221|   -0.221|
n3state<1>     |         |         |   -0.083|   -0.083|
n3state<2>     |         |         |   -0.549|   -0.549|
n4state<0>     |         |         |   -0.190|   -0.190|
n4state<1>     |         |         |   -0.614|   -0.614|
n4state<2>     |         |         |   -0.393|   -0.393|
n5state<0>     |         |         |   -0.150|   -0.150|
n5state<1>     |         |         |    0.009|    0.009|
n5state<2>     |         |         |   -0.599|   -0.599|
n6state<0>     |         |         |   -0.492|   -0.492|
n6state<1>     |         |         |   -0.140|   -0.140|
n6state<2>     |         |         |   -0.644|   -0.644|
n7state<0>     |         |         |   -0.137|   -0.137|
n7state<1>     |         |         |   -0.391|   -0.391|
n7state<2>     |         |         |   -0.249|   -0.249|
n8state<0>     |         |         |    0.166|    0.166|
n8state<1>     |         |         |    0.053|    0.053|
n8state<2>     |         |         |    0.093|    0.093|
---------------+---------+---------+---------+---------+

Clock to Setup on destination clock n1state<2>
---------------+---------+---------+---------+---------+
               | Src:Rise| Src:Fall| Src:Rise| Src:Fall|
Source Clock   |Dest:Rise|Dest:Rise|Dest:Fall|Dest:Fall|
---------------+---------+---------+---------+---------+
clk            |         |         |    4.888|         |
n1state<0>     |         |         |   -0.227|   -0.227|
n1state<1>     |         |         |   -0.325|   -0.325|
n1state<2>     |         |         |   -0.296|   -0.296|
n2state<0>     |         |         |   -0.285|   -0.285|
n2state<1>     |         |         |   -0.522|   -0.522|
n2state<2>     |         |         |   -0.174|   -0.174|
n3state<0>     |         |         |   -0.232|   -0.232|
n3state<1>     |         |         |   -0.094|   -0.094|
n3state<2>     |         |         |   -0.560|   -0.560|
n4state<0>     |         |         |   -0.201|   -0.201|
n4state<1>     |         |         |   -0.625|   -0.625|
n4state<2>     |         |         |   -0.404|   -0.404|
n5state<0>     |         |         |   -0.161|   -0.161|
n5state<1>     |         |         |   -0.002|   -0.002|
n5state<2>     |         |         |   -0.610|   -0.610|
n6state<0>     |         |         |   -0.503|   -0.503|
n6state<1>     |         |         |   -0.151|   -0.151|
n6state<2>     |         |         |   -0.655|   -0.655|
n7state<0>     |         |         |   -0.148|   -0.148|
n7state<1>     |         |         |   -0.402|   -0.402|
n7state<2>     |         |         |   -0.260|   -0.260|
n8state<0>     |         |         |    0.155|    0.155|
n8state<1>     |         |         |    0.042|    0.042|
n8state<2>     |         |         |    0.082|    0.082|
---------------+---------+---------+---------+---------+

Clock to Setup on destination clock n2state<0>
---------------+---------+---------+---------+---------+
               | Src:Rise| Src:Fall| Src:Rise| Src:Fall|
Source Clock   |Dest:Rise|Dest:Rise|Dest:Fall|Dest:Fall|
---------------+---------+---------+---------+---------+
clk            |         |         |    4.888|         |
n1state<0>     |         |         |   -0.613|   -0.613|
n1state<1>     |         |         |   -0.711|   -0.711|
n1state<2>     |         |         |   -0.682|   -0.682|
n2state<0>     |         |         |   -0.671|   -0.671|
n2state<1>     |         |         |   -0.908|   -0.908|
n2state<2>     |         |         |   -0.560|   -0.560|
n3state<0>     |         |         |   -0.618|   -0.618|
n3state<1>     |         |         |   -0.480|   -0.480|
n3state<2>     |         |         |   -0.946|   -0.946|
n4state<0>     |         |         |   -0.587|   -0.587|
n4state<1>     |         |         |   -1.011|   -1.011|
n4state<2>     |         |         |   -0.790|   -0.790|
n5state<0>     |         |         |   -0.547|   -0.547|
n5state<1>     |         |         |   -0.388|   -0.388|
n5state<2>     |         |         |   -0.996|   -0.996|
n6state<0>     |         |         |   -0.889|   -0.889|
n6state<1>     |         |         |   -0.537|   -0.537|
n6state<2>     |         |         |   -1.041|   -1.041|
n7state<0>     |         |         |   -0.534|   -0.534|
n7state<1>     |         |         |   -0.788|   -0.788|
n7state<2>     |         |         |   -0.646|   -0.646|
n8state<0>     |         |         |   -0.231|   -0.231|
n8state<1>     |         |         |   -0.344|   -0.344|
n8state<2>     |         |         |   -0.304|   -0.304|
---------------+---------+---------+---------+---------+

Clock to Setup on destination clock n2state<1>
---------------+---------+---------+---------+---------+
               | Src:Rise| Src:Fall| Src:Rise| Src:Fall|
Source Clock   |Dest:Rise|Dest:Rise|Dest:Fall|Dest:Fall|
---------------+---------+---------+---------+---------+
clk            |         |         |    4.888|         |
n1state<0>     |         |         |   -0.418|   -0.418|
n1state<1>     |         |         |   -0.516|   -0.516|
n1state<2>     |         |         |   -0.487|   -0.487|
n2state<0>     |         |         |   -0.476|   -0.476|
n2state<1>     |         |         |   -0.713|   -0.713|
n2state<2>     |         |         |   -0.365|   -0.365|
n3state<0>     |         |         |   -0.423|   -0.423|
n3state<1>     |         |         |   -0.285|   -0.285|
n3state<2>     |         |         |   -0.751|   -0.751|
n4state<0>     |         |         |   -0.392|   -0.392|
n4state<1>     |         |         |   -0.816|   -0.816|
n4state<2>     |         |         |   -0.595|   -0.595|
n5state<0>     |         |         |   -0.352|   -0.352|
n5state<1>     |         |         |   -0.193|   -0.193|
n5state<2>     |         |         |   -0.801|   -0.801|
n6state<0>     |         |         |   -0.694|   -0.694|
n6state<1>     |         |         |   -0.342|   -0.342|
n6state<2>     |         |         |   -0.846|   -0.846|
n7state<0>     |         |         |   -0.339|   -0.339|
n7state<1>     |         |         |   -0.593|   -0.593|
n7state<2>     |         |         |   -0.451|   -0.451|
n8state<0>     |         |         |   -0.036|   -0.036|
n8state<1>     |         |         |   -0.149|   -0.149|
n8state<2>     |         |         |   -0.109|   -0.109|
---------------+---------+---------+---------+---------+

Clock to Setup on destination clock n2state<2>
---------------+---------+---------+---------+---------+
               | Src:Rise| Src:Fall| Src:Rise| Src:Fall|
Source Clock   |Dest:Rise|Dest:Rise|Dest:Fall|Dest:Fall|
---------------+---------+---------+---------+---------+
clk            |         |         |    4.888|         |
n1state<0>     |         |         |   -0.709|   -0.709|
n1state<1>     |         |         |   -0.807|   -0.807|
n1state<2>     |         |         |   -0.778|   -0.778|
n2state<0>     |         |         |   -0.767|   -0.767|
n2state<1>     |         |         |   -1.004|   -1.004|
n2state<2>     |         |         |   -0.656|   -0.656|
n3state<0>     |         |         |   -0.714|   -0.714|
n3state<1>     |         |         |   -0.576|   -0.576|
n3state<2>     |         |         |   -1.042|   -1.042|
n4state<0>     |         |         |   -0.683|   -0.683|
n4state<1>     |         |         |   -1.107|   -1.107|
n4state<2>     |         |         |   -0.886|   -0.886|
n5state<0>     |         |         |   -0.643|   -0.643|
n5state<1>     |         |         |   -0.484|   -0.484|
n5state<2>     |         |         |   -1.092|   -1.092|
n6state<0>     |         |         |   -0.985|   -0.985|
n6state<1>     |         |         |   -0.633|   -0.633|
n6state<2>     |         |         |   -1.137|   -1.137|
n7state<0>     |         |         |   -0.630|   -0.630|
n7state<1>     |         |         |   -0.884|   -0.884|
n7state<2>     |         |         |   -0.742|   -0.742|
n8state<0>     |         |         |   -0.327|   -0.327|
n8state<1>     |         |         |   -0.440|   -0.440|
n8state<2>     |         |         |   -0.400|   -0.400|
---------------+---------+---------+---------+---------+

Clock to Setup on destination clock n3state<0>
---------------+---------+---------+---------+---------+
               | Src:Rise| Src:Fall| Src:Rise| Src:Fall|
Source Clock   |Dest:Rise|Dest:Rise|Dest:Fall|Dest:Fall|
---------------+---------+---------+---------+---------+
clk            |         |         |    4.888|         |
n1state<0>     |         |         |   -0.428|   -0.428|
n1state<1>     |         |         |   -0.526|   -0.526|
n1state<2>     |         |         |   -0.497|   -0.497|
n2state<0>     |         |         |   -0.486|   -0.486|
n2state<1>     |         |         |   -0.723|   -0.723|
n2state<2>     |         |         |   -0.375|   -0.375|
n3state<0>     |         |         |   -0.433|   -0.433|
n3state<1>     |         |         |   -0.295|   -0.295|
n3state<2>     |         |         |   -0.761|   -0.761|
n4state<0>     |         |         |   -0.402|   -0.402|
n4state<1>     |         |         |   -0.826|   -0.826|
n4state<2>     |         |         |   -0.605|   -0.605|
n5state<0>     |         |         |   -0.362|   -0.362|
n5state<1>     |         |         |   -0.203|   -0.203|
n5state<2>     |         |         |   -0.811|   -0.811|
n6state<0>     |         |         |   -0.704|   -0.704|
n6state<1>     |         |         |   -0.352|   -0.352|
n6state<2>     |         |         |   -0.856|   -0.856|
n7state<0>     |         |         |   -0.349|   -0.349|
n7state<1>     |         |         |   -0.603|   -0.603|
n7state<2>     |         |         |   -0.461|   -0.461|
n8state<0>     |         |         |   -0.046|   -0.046|
n8state<1>     |         |         |   -0.159|   -0.159|
n8state<2>     |         |         |   -0.119|   -0.119|
---------------+---------+---------+---------+---------+

Clock to Setup on destination clock n3state<1>
---------------+---------+---------+---------+---------+
               | Src:Rise| Src:Fall| Src:Rise| Src:Fall|
Source Clock   |Dest:Rise|Dest:Rise|Dest:Fall|Dest:Fall|
---------------+---------+---------+---------+---------+
clk            |         |         |    4.888|         |
n1state<0>     |         |         |   -0.536|   -0.536|
n1state<1>     |         |         |   -0.634|   -0.634|
n1state<2>     |         |         |   -0.605|   -0.605|
n2state<0>     |         |         |   -0.594|   -0.594|
n2state<1>     |         |         |   -0.831|   -0.831|
n2state<2>     |         |         |   -0.483|   -0.483|
n3state<0>     |         |         |   -0.541|   -0.541|
n3state<1>     |         |         |   -0.403|   -0.403|
n3state<2>     |         |         |   -0.869|   -0.869|
n4state<0>     |         |         |   -0.510|   -0.510|
n4state<1>     |         |         |   -0.934|   -0.934|
n4state<2>     |         |         |   -0.713|   -0.713|
n5state<0>     |         |         |   -0.470|   -0.470|
n5state<1>     |         |         |   -0.311|   -0.311|
n5state<2>     |         |         |   -0.919|   -0.919|
n6state<0>     |         |         |   -0.812|   -0.812|
n6state<1>     |         |         |   -0.460|   -0.460|
n6state<2>     |         |         |   -0.964|   -0.964|
n7state<0>     |         |         |   -0.457|   -0.457|
n7state<1>     |         |         |   -0.711|   -0.711|
n7state<2>     |         |         |   -0.569|   -0.569|
n8state<0>     |         |         |   -0.154|   -0.154|
n8state<1>     |         |         |   -0.267|   -0.267|
n8state<2>     |         |         |   -0.227|   -0.227|
---------------+---------+---------+---------+---------+

Clock to Setup on destination clock n3state<2>
---------------+---------+---------+---------+---------+
               | Src:Rise| Src:Fall| Src:Rise| Src:Fall|
Source Clock   |Dest:Rise|Dest:Rise|Dest:Fall|Dest:Fall|
---------------+---------+---------+---------+---------+
clk            |         |         |    4.888|         |
n1state<0>     |         |         |   -0.140|   -0.140|
n1state<1>     |         |         |   -0.238|   -0.238|
n1state<2>     |         |         |   -0.209|   -0.209|
n2state<0>     |         |         |   -0.198|   -0.198|
n2state<1>     |         |         |   -0.435|   -0.435|
n2state<2>     |         |         |   -0.087|   -0.087|
n3state<0>     |         |         |   -0.145|   -0.145|
n3state<1>     |         |         |   -0.007|   -0.007|
n3state<2>     |         |         |   -0.473|   -0.473|
n4state<0>     |         |         |   -0.114|   -0.114|
n4state<1>     |         |         |   -0.538|   -0.538|
n4state<2>     |         |         |   -0.317|   -0.317|
n5state<0>     |         |         |   -0.074|   -0.074|
n5state<1>     |         |         |    0.085|    0.085|
n5state<2>     |         |         |   -0.523|   -0.523|
n6state<0>     |         |         |   -0.416|   -0.416|
n6state<1>     |         |         |   -0.064|   -0.064|
n6state<2>     |         |         |   -0.568|   -0.568|
n7state<0>     |         |         |   -0.061|   -0.061|
n7state<1>     |         |         |   -0.315|   -0.315|
n7state<2>     |         |         |   -0.173|   -0.173|
n8state<0>     |         |         |    0.242|    0.242|
n8state<1>     |         |         |    0.129|    0.129|
n8state<2>     |         |         |    0.169|    0.169|
---------------+---------+---------+---------+---------+

Clock to Setup on destination clock n4state<0>
---------------+---------+---------+---------+---------+
               | Src:Rise| Src:Fall| Src:Rise| Src:Fall|
Source Clock   |Dest:Rise|Dest:Rise|Dest:Fall|Dest:Fall|
---------------+---------+---------+---------+---------+
clk            |         |         |    4.888|         |
n1state<0>     |         |         |   -0.379|   -0.379|
n1state<1>     |         |         |   -0.477|   -0.477|
n1state<2>     |         |         |   -0.448|   -0.448|
n2state<0>     |         |         |   -0.437|   -0.437|
n2state<1>     |         |         |   -0.674|   -0.674|
n2state<2>     |         |         |   -0.326|   -0.326|
n3state<0>     |         |         |   -0.384|   -0.384|
n3state<1>     |         |         |   -0.246|   -0.246|
n3state<2>     |         |         |   -0.712|   -0.712|
n4state<0>     |         |         |   -0.353|   -0.353|
n4state<1>     |         |         |   -0.777|   -0.777|
n4state<2>     |         |         |   -0.556|   -0.556|
n5state<0>     |         |         |   -0.313|   -0.313|
n5state<1>     |         |         |   -0.154|   -0.154|
n5state<2>     |         |         |   -0.762|   -0.762|
n6state<0>     |         |         |   -0.655|   -0.655|
n6state<1>     |         |         |   -0.303|   -0.303|
n6state<2>     |         |         |   -0.807|   -0.807|
n7state<0>     |         |         |   -0.300|   -0.300|
n7state<1>     |         |         |   -0.554|   -0.554|
n7state<2>     |         |         |   -0.412|   -0.412|
n8state<0>     |         |         |    0.003|    0.003|
n8state<1>     |         |         |   -0.110|   -0.110|
n8state<2>     |         |         |   -0.070|   -0.070|
---------------+---------+---------+---------+---------+

Clock to Setup on destination clock n4state<1>
---------------+---------+---------+---------+---------+
               | Src:Rise| Src:Fall| Src:Rise| Src:Fall|
Source Clock   |Dest:Rise|Dest:Rise|Dest:Fall|Dest:Fall|
---------------+---------+---------+---------+---------+
clk            |         |         |    4.888|         |
n1state<0>     |         |         |   -0.004|   -0.004|
n1state<1>     |         |         |   -0.102|   -0.102|
n1state<2>     |         |         |   -0.073|   -0.073|
n2state<0>     |         |         |   -0.062|   -0.062|
n2state<1>     |         |         |   -0.299|   -0.299|
n2state<2>     |         |         |    0.049|    0.049|
n3state<0>     |         |         |   -0.009|   -0.009|
n3state<1>     |         |         |    0.129|    0.129|
n3state<2>     |         |         |   -0.337|   -0.337|
n4state<0>     |         |         |    0.022|    0.022|
n4state<1>     |         |         |   -0.402|   -0.402|
n4state<2>     |         |         |   -0.181|   -0.181|
n5state<0>     |         |         |    0.062|    0.062|
n5state<1>     |         |         |    0.221|    0.221|
n5state<2>     |         |         |   -0.387|   -0.387|
n6state<0>     |         |         |   -0.280|   -0.280|
n6state<1>     |         |         |    0.072|    0.072|
n6state<2>     |         |         |   -0.432|   -0.432|
n7state<0>     |         |         |    0.075|    0.075|
n7state<1>     |         |         |   -0.179|   -0.179|
n7state<2>     |         |         |   -0.037|   -0.037|
n8state<0>     |         |         |    0.404|    0.404|
n8state<1>     |         |         |    0.265|    0.265|
n8state<2>     |         |         |    0.310|    0.310|
---------------+---------+---------+---------+---------+

Clock to Setup on destination clock n4state<2>
---------------+---------+---------+---------+---------+
               | Src:Rise| Src:Fall| Src:Rise| Src:Fall|
Source Clock   |Dest:Rise|Dest:Rise|Dest:Fall|Dest:Fall|
---------------+---------+---------+---------+---------+
clk            |         |         |    4.888|         |
n1state<0>     |         |         |   -0.189|   -0.189|
n1state<1>     |         |         |   -0.287|   -0.287|
n1state<2>     |         |         |   -0.258|   -0.258|
n2state<0>     |         |         |   -0.247|   -0.247|
n2state<1>     |         |         |   -0.484|   -0.484|
n2state<2>     |         |         |   -0.136|   -0.136|
n3state<0>     |         |         |   -0.194|   -0.194|
n3state<1>     |         |         |   -0.056|   -0.056|
n3state<2>     |         |         |   -0.522|   -0.522|
n4state<0>     |         |         |   -0.163|   -0.163|
n4state<1>     |         |         |   -0.587|   -0.587|
n4state<2>     |         |         |   -0.366|   -0.366|
n5state<0>     |         |         |   -0.123|   -0.123|
n5state<1>     |         |         |    0.036|    0.036|
n5state<2>     |         |         |   -0.572|   -0.572|
n6state<0>     |         |         |   -0.465|   -0.465|
n6state<1>     |         |         |   -0.113|   -0.113|
n6state<2>     |         |         |   -0.617|   -0.617|
n7state<0>     |         |         |   -0.110|   -0.110|
n7state<1>     |         |         |   -0.364|   -0.364|
n7state<2>     |         |         |   -0.222|   -0.222|
n8state<0>     |         |         |    0.193|    0.193|
n8state<1>     |         |         |    0.080|    0.080|
n8state<2>     |         |         |    0.120|    0.120|
---------------+---------+---------+---------+---------+

Clock to Setup on destination clock n5state<0>
---------------+---------+---------+---------+---------+
               | Src:Rise| Src:Fall| Src:Rise| Src:Fall|
Source Clock   |Dest:Rise|Dest:Rise|Dest:Fall|Dest:Fall|
---------------+---------+---------+---------+---------+
clk            |         |         |    4.888|         |
n1state<0>     |         |         |   -0.591|   -0.591|
n1state<1>     |         |         |   -0.689|   -0.689|
n1state<2>     |         |         |   -0.660|   -0.660|
n2state<0>     |         |         |   -0.649|   -0.649|
n2state<1>     |         |         |   -0.886|   -0.886|
n2state<2>     |         |         |   -0.538|   -0.538|
n3state<0>     |         |         |   -0.596|   -0.596|
n3state<1>     |         |         |   -0.458|   -0.458|
n3state<2>     |         |         |   -0.924|   -0.924|
n4state<0>     |         |         |   -0.565|   -0.565|
n4state<1>     |         |         |   -0.989|   -0.989|
n4state<2>     |         |         |   -0.768|   -0.768|
n5state<0>     |         |         |   -0.525|   -0.525|
n5state<1>     |         |         |   -0.366|   -0.366|
n5state<2>     |         |         |   -0.974|   -0.974|
n6state<0>     |         |         |   -0.867|   -0.867|
n6state<1>     |         |         |   -0.515|   -0.515|
n6state<2>     |         |         |   -1.019|   -1.019|
n7state<0>     |         |         |   -0.512|   -0.512|
n7state<1>     |         |         |   -0.766|   -0.766|
n7state<2>     |         |         |   -0.624|   -0.624|
n8state<0>     |         |         |   -0.209|   -0.209|
n8state<1>     |         |         |   -0.322|   -0.322|
n8state<2>     |         |         |   -0.282|   -0.282|
---------------+---------+---------+---------+---------+

Clock to Setup on destination clock n5state<1>
---------------+---------+---------+---------+---------+
               | Src:Rise| Src:Fall| Src:Rise| Src:Fall|
Source Clock   |Dest:Rise|Dest:Rise|Dest:Fall|Dest:Fall|
---------------+---------+---------+---------+---------+
clk            |         |         |    4.888|         |
n1state<0>     |         |         |   -0.721|   -0.721|
n1state<1>     |         |         |   -0.819|   -0.819|
n1state<2>     |         |         |   -0.790|   -0.790|
n2state<0>     |         |         |   -0.779|   -0.779|
n2state<1>     |         |         |   -1.016|   -1.016|
n2state<2>     |         |         |   -0.668|   -0.668|
n3state<0>     |         |         |   -0.726|   -0.726|
n3state<1>     |         |         |   -0.588|   -0.588|
n3state<2>     |         |         |   -1.054|   -1.054|
n4state<0>     |         |         |   -0.695|   -0.695|
n4state<1>     |         |         |   -1.119|   -1.119|
n4state<2>     |         |         |   -0.898|   -0.898|
n5state<0>     |         |         |   -0.655|   -0.655|
n5state<1>     |         |         |   -0.496|   -0.496|
n5state<2>     |         |         |   -1.104|   -1.104|
n6state<0>     |         |         |   -0.997|   -0.997|
n6state<1>     |         |         |   -0.645|   -0.645|
n6state<2>     |         |         |   -1.149|   -1.149|
n7state<0>     |         |         |   -0.642|   -0.642|
n7state<1>     |         |         |   -0.896|   -0.896|
n7state<2>     |         |         |   -0.754|   -0.754|
n8state<0>     |         |         |   -0.339|   -0.339|
n8state<1>     |         |         |   -0.452|   -0.452|
n8state<2>     |         |         |   -0.412|   -0.412|
---------------+---------+---------+---------+---------+

Clock to Setup on destination clock n5state<2>
---------------+---------+---------+---------+---------+
               | Src:Rise| Src:Fall| Src:Rise| Src:Fall|
Source Clock   |Dest:Rise|Dest:Rise|Dest:Fall|Dest:Fall|
---------------+---------+---------+---------+---------+
clk            |         |         |    4.888|         |
n1state<0>     |         |         |   -0.186|   -0.186|
n1state<1>     |         |         |   -0.284|   -0.284|
n1state<2>     |         |         |   -0.255|   -0.255|
n2state<0>     |         |         |   -0.244|   -0.244|
n2state<1>     |         |         |   -0.481|   -0.481|
n2state<2>     |         |         |   -0.133|   -0.133|
n3state<0>     |         |         |   -0.191|   -0.191|
n3state<1>     |         |         |   -0.053|   -0.053|
n3state<2>     |         |         |   -0.519|   -0.519|
n4state<0>     |         |         |   -0.160|   -0.160|
n4state<1>     |         |         |   -0.584|   -0.584|
n4state<2>     |         |         |   -0.363|   -0.363|
n5state<0>     |         |         |   -0.120|   -0.120|
n5state<1>     |         |         |    0.039|    0.039|
n5state<2>     |         |         |   -0.569|   -0.569|
n6state<0>     |         |         |   -0.462|   -0.462|
n6state<1>     |         |         |   -0.110|   -0.110|
n6state<2>     |         |         |   -0.614|   -0.614|
n7state<0>     |         |         |   -0.107|   -0.107|
n7state<1>     |         |         |   -0.361|   -0.361|
n7state<2>     |         |         |   -0.219|   -0.219|
n8state<0>     |         |         |    0.196|    0.196|
n8state<1>     |         |         |    0.083|    0.083|
n8state<2>     |         |         |    0.123|    0.123|
---------------+---------+---------+---------+---------+

Clock to Setup on destination clock n6state<0>
---------------+---------+---------+---------+---------+
               | Src:Rise| Src:Fall| Src:Rise| Src:Fall|
Source Clock   |Dest:Rise|Dest:Rise|Dest:Fall|Dest:Fall|
---------------+---------+---------+---------+---------+
clk            |         |         |    4.888|         |
n1state<0>     |         |         |   -0.148|   -0.148|
n1state<1>     |         |         |   -0.246|   -0.246|
n1state<2>     |         |         |   -0.217|   -0.217|
n2state<0>     |         |         |   -0.206|   -0.206|
n2state<1>     |         |         |   -0.443|   -0.443|
n2state<2>     |         |         |   -0.095|   -0.095|
n3state<0>     |         |         |   -0.153|   -0.153|
n3state<1>     |         |         |   -0.015|   -0.015|
n3state<2>     |         |         |   -0.481|   -0.481|
n4state<0>     |         |         |   -0.122|   -0.122|
n4state<1>     |         |         |   -0.546|   -0.546|
n4state<2>     |         |         |   -0.325|   -0.325|
n5state<0>     |         |         |   -0.082|   -0.082|
n5state<1>     |         |         |    0.077|    0.077|
n5state<2>     |         |         |   -0.531|   -0.531|
n6state<0>     |         |         |   -0.424|   -0.424|
n6state<1>     |         |         |   -0.072|   -0.072|
n6state<2>     |         |         |   -0.576|   -0.576|
n7state<0>     |         |         |   -0.069|   -0.069|
n7state<1>     |         |         |   -0.323|   -0.323|
n7state<2>     |         |         |   -0.181|   -0.181|
n8state<0>     |         |         |    0.234|    0.234|
n8state<1>     |         |         |    0.121|    0.121|
n8state<2>     |         |         |    0.161|    0.161|
---------------+---------+---------+---------+---------+

Clock to Setup on destination clock n6state<1>
---------------+---------+---------+---------+---------+
               | Src:Rise| Src:Fall| Src:Rise| Src:Fall|
Source Clock   |Dest:Rise|Dest:Rise|Dest:Fall|Dest:Fall|
---------------+---------+---------+---------+---------+
clk            |         |         |    4.888|         |
n1state<0>     |         |         |   -0.451|   -0.451|
n1state<1>     |         |         |   -0.549|   -0.549|
n1state<2>     |         |         |   -0.520|   -0.520|
n2state<0>     |         |         |   -0.509|   -0.509|
n2state<1>     |         |         |   -0.746|   -0.746|
n2state<2>     |         |         |   -0.398|   -0.398|
n3state<0>     |         |         |   -0.456|   -0.456|
n3state<1>     |         |         |   -0.318|   -0.318|
n3state<2>     |         |         |   -0.784|   -0.784|
n4state<0>     |         |         |   -0.425|   -0.425|
n4state<1>     |         |         |   -0.849|   -0.849|
n4state<2>     |         |         |   -0.628|   -0.628|
n5state<0>     |         |         |   -0.385|   -0.385|
n5state<1>     |         |         |   -0.226|   -0.226|
n5state<2>     |         |         |   -0.834|   -0.834|
n6state<0>     |         |         |   -0.727|   -0.727|
n6state<1>     |         |         |   -0.375|   -0.375|
n6state<2>     |         |         |   -0.879|   -0.879|
n7state<0>     |         |         |   -0.372|   -0.372|
n7state<1>     |         |         |   -0.626|   -0.626|
n7state<2>     |         |         |   -0.484|   -0.484|
n8state<0>     |         |         |   -0.069|   -0.069|
n8state<1>     |         |         |   -0.182|   -0.182|
n8state<2>     |         |         |   -0.142|   -0.142|
---------------+---------+---------+---------+---------+

Clock to Setup on destination clock n6state<2>
---------------+---------+---------+---------+---------+
               | Src:Rise| Src:Fall| Src:Rise| Src:Fall|
Source Clock   |Dest:Rise|Dest:Rise|Dest:Fall|Dest:Fall|
---------------+---------+---------+---------+---------+
clk            |         |         |    4.888|         |
n1state<0>     |         |         |   -0.018|   -0.018|
n1state<1>     |         |         |   -0.116|   -0.116|
n1state<2>     |         |         |   -0.087|   -0.087|
n2state<0>     |         |         |   -0.076|   -0.076|
n2state<1>     |         |         |   -0.313|   -0.313|
n2state<2>     |         |         |    0.035|    0.035|
n3state<0>     |         |         |   -0.023|   -0.023|
n3state<1>     |         |         |    0.115|    0.115|
n3state<2>     |         |         |   -0.351|   -0.351|
n4state<0>     |         |         |    0.008|    0.008|
n4state<1>     |         |         |   -0.416|   -0.416|
n4state<2>     |         |         |   -0.195|   -0.195|
n5state<0>     |         |         |    0.048|    0.048|
n5state<1>     |         |         |    0.207|    0.207|
n5state<2>     |         |         |   -0.401|   -0.401|
n6state<0>     |         |         |   -0.294|   -0.294|
n6state<1>     |         |         |    0.058|    0.058|
n6state<2>     |         |         |   -0.446|   -0.446|
n7state<0>     |         |         |    0.061|    0.061|
n7state<1>     |         |         |   -0.193|   -0.193|
n7state<2>     |         |         |   -0.051|   -0.051|
n8state<0>     |         |         |    0.364|    0.364|
n8state<1>     |         |         |    0.251|    0.251|
n8state<2>     |         |         |    0.291|    0.291|
---------------+---------+---------+---------+---------+

Clock to Setup on destination clock n7state<0>
---------------+---------+---------+---------+---------+
               | Src:Rise| Src:Fall| Src:Rise| Src:Fall|
Source Clock   |Dest:Rise|Dest:Rise|Dest:Fall|Dest:Fall|
---------------+---------+---------+---------+---------+
clk            |         |         |    4.888|         |
n1state<0>     |         |         |   -0.590|   -0.590|
n1state<1>     |         |         |   -0.688|   -0.688|
n1state<2>     |         |         |   -0.659|   -0.659|
n2state<0>     |         |         |   -0.648|   -0.648|
n2state<1>     |         |         |   -0.885|   -0.885|
n2state<2>     |         |         |   -0.537|   -0.537|
n3state<0>     |         |         |   -0.595|   -0.595|
n3state<1>     |         |         |   -0.457|   -0.457|
n3state<2>     |         |         |   -0.923|   -0.923|
n4state<0>     |         |         |   -0.564|   -0.564|
n4state<1>     |         |         |   -0.988|   -0.988|
n4state<2>     |         |         |   -0.767|   -0.767|
n5state<0>     |         |         |   -0.524|   -0.524|
n5state<1>     |         |         |   -0.365|   -0.365|
n5state<2>     |         |         |   -0.973|   -0.973|
n6state<0>     |         |         |   -0.866|   -0.866|
n6state<1>     |         |         |   -0.514|   -0.514|
n6state<2>     |         |         |   -1.018|   -1.018|
n7state<0>     |         |         |   -0.511|   -0.511|
n7state<1>     |         |         |   -0.765|   -0.765|
n7state<2>     |         |         |   -0.623|   -0.623|
n8state<0>     |         |         |   -0.208|   -0.208|
n8state<1>     |         |         |   -0.321|   -0.321|
n8state<2>     |         |         |   -0.281|   -0.281|
---------------+---------+---------+---------+---------+

Clock to Setup on destination clock n7state<1>
---------------+---------+---------+---------+---------+
               | Src:Rise| Src:Fall| Src:Rise| Src:Fall|
Source Clock   |Dest:Rise|Dest:Rise|Dest:Fall|Dest:Fall|
---------------+---------+---------+---------+---------+
clk            |         |         |    4.888|         |
n1state<0>     |         |         |   -0.378|   -0.378|
n1state<1>     |         |         |   -0.476|   -0.476|
n1state<2>     |         |         |   -0.447|   -0.447|
n2state<0>     |         |         |   -0.436|   -0.436|
n2state<1>     |         |         |   -0.673|   -0.673|
n2state<2>     |         |         |   -0.325|   -0.325|
n3state<0>     |         |         |   -0.383|   -0.383|
n3state<1>     |         |         |   -0.245|   -0.245|
n3state<2>     |         |         |   -0.711|   -0.711|
n4state<0>     |         |         |   -0.352|   -0.352|
n4state<1>     |         |         |   -0.776|   -0.776|
n4state<2>     |         |         |   -0.555|   -0.555|
n5state<0>     |         |         |   -0.312|   -0.312|
n5state<1>     |         |         |   -0.153|   -0.153|
n5state<2>     |         |         |   -0.761|   -0.761|
n6state<0>     |         |         |   -0.654|   -0.654|
n6state<1>     |         |         |   -0.302|   -0.302|
n6state<2>     |         |         |   -0.806|   -0.806|
n7state<0>     |         |         |   -0.299|   -0.299|
n7state<1>     |         |         |   -0.553|   -0.553|
n7state<2>     |         |         |   -0.411|   -0.411|
n8state<0>     |         |         |    0.004|    0.004|
n8state<1>     |         |         |   -0.109|   -0.109|
n8state<2>     |         |         |   -0.069|   -0.069|
---------------+---------+---------+---------+---------+

Clock to Setup on destination clock n7state<2>
---------------+---------+---------+---------+---------+
               | Src:Rise| Src:Fall| Src:Rise| Src:Fall|
Source Clock   |Dest:Rise|Dest:Rise|Dest:Fall|Dest:Fall|
---------------+---------+---------+---------+---------+
clk            |         |         |    4.888|         |
n1state<0>     |         |         |   -0.487|   -0.487|
n1state<1>     |         |         |   -0.585|   -0.585|
n1state<2>     |         |         |   -0.556|   -0.556|
n2state<0>     |         |         |   -0.545|   -0.545|
n2state<1>     |         |         |   -0.782|   -0.782|
n2state<2>     |         |         |   -0.434|   -0.434|
n3state<0>     |         |         |   -0.492|   -0.492|
n3state<1>     |         |         |   -0.354|   -0.354|
n3state<2>     |         |         |   -0.820|   -0.820|
n4state<0>     |         |         |   -0.461|   -0.461|
n4state<1>     |         |         |   -0.885|   -0.885|
n4state<2>     |         |         |   -0.664|   -0.664|
n5state<0>     |         |         |   -0.421|   -0.421|
n5state<1>     |         |         |   -0.262|   -0.262|
n5state<2>     |         |         |   -0.870|   -0.870|
n6state<0>     |         |         |   -0.763|   -0.763|
n6state<1>     |         |         |   -0.411|   -0.411|
n6state<2>     |         |         |   -0.915|   -0.915|
n7state<0>     |         |         |   -0.408|   -0.408|
n7state<1>     |         |         |   -0.662|   -0.662|
n7state<2>     |         |         |   -0.520|   -0.520|
n8state<0>     |         |         |   -0.105|   -0.105|
n8state<1>     |         |         |   -0.218|   -0.218|
n8state<2>     |         |         |   -0.178|   -0.178|
---------------+---------+---------+---------+---------+

Clock to Setup on destination clock n8state<0>
---------------+---------+---------+---------+---------+
               | Src:Rise| Src:Fall| Src:Rise| Src:Fall|
Source Clock   |Dest:Rise|Dest:Rise|Dest:Fall|Dest:Fall|
---------------+---------+---------+---------+---------+
clk            |         |         |    4.888|         |
n1state<0>     |         |         |   -0.519|   -0.519|
n1state<1>     |         |         |   -0.617|   -0.617|
n1state<2>     |         |         |   -0.588|   -0.588|
n2state<0>     |         |         |   -0.577|   -0.577|
n2state<1>     |         |         |   -0.814|   -0.814|
n2state<2>     |         |         |   -0.466|   -0.466|
n3state<0>     |         |         |   -0.524|   -0.524|
n3state<1>     |         |         |   -0.386|   -0.386|
n3state<2>     |         |         |   -0.852|   -0.852|
n4state<0>     |         |         |   -0.493|   -0.493|
n4state<1>     |         |         |   -0.917|   -0.917|
n4state<2>     |         |         |   -0.696|   -0.696|
n5state<0>     |         |         |   -0.453|   -0.453|
n5state<1>     |         |         |   -0.294|   -0.294|
n5state<2>     |         |         |   -0.902|   -0.902|
n6state<0>     |         |         |   -0.795|   -0.795|
n6state<1>     |         |         |   -0.443|   -0.443|
n6state<2>     |         |         |   -0.947|   -0.947|
n7state<0>     |         |         |   -0.440|   -0.440|
n7state<1>     |         |         |   -0.694|   -0.694|
n7state<2>     |         |         |   -0.552|   -0.552|
n8state<0>     |         |         |   -0.137|   -0.137|
n8state<1>     |         |         |   -0.250|   -0.250|
n8state<2>     |         |         |   -0.210|   -0.210|
---------------+---------+---------+---------+---------+

Clock to Setup on destination clock n8state<1>
---------------+---------+---------+---------+---------+
               | Src:Rise| Src:Fall| Src:Rise| Src:Fall|
Source Clock   |Dest:Rise|Dest:Rise|Dest:Fall|Dest:Fall|
---------------+---------+---------+---------+---------+
clk            |         |         |    4.888|         |
n1state<0>     |         |         |   -0.432|   -0.432|
n1state<1>     |         |         |   -0.530|   -0.530|
n1state<2>     |         |         |   -0.501|   -0.501|
n2state<0>     |         |         |   -0.490|   -0.490|
n2state<1>     |         |         |   -0.727|   -0.727|
n2state<2>     |         |         |   -0.379|   -0.379|
n3state<0>     |         |         |   -0.437|   -0.437|
n3state<1>     |         |         |   -0.299|   -0.299|
n3state<2>     |         |         |   -0.765|   -0.765|
n4state<0>     |         |         |   -0.406|   -0.406|
n4state<1>     |         |         |   -0.830|   -0.830|
n4state<2>     |         |         |   -0.609|   -0.609|
n5state<0>     |         |         |   -0.366|   -0.366|
n5state<1>     |         |         |   -0.207|   -0.207|
n5state<2>     |         |         |   -0.815|   -0.815|
n6state<0>     |         |         |   -0.708|   -0.708|
n6state<1>     |         |         |   -0.356|   -0.356|
n6state<2>     |         |         |   -0.860|   -0.860|
n7state<0>     |         |         |   -0.353|   -0.353|
n7state<1>     |         |         |   -0.607|   -0.607|
n7state<2>     |         |         |   -0.465|   -0.465|
n8state<0>     |         |         |   -0.050|   -0.050|
n8state<1>     |         |         |   -0.163|   -0.163|
n8state<2>     |         |         |   -0.123|   -0.123|
---------------+---------+---------+---------+---------+

Clock to Setup on destination clock n8state<2>
---------------+---------+---------+---------+---------+
               | Src:Rise| Src:Fall| Src:Rise| Src:Fall|
Source Clock   |Dest:Rise|Dest:Rise|Dest:Fall|Dest:Fall|
---------------+---------+---------+---------+---------+
clk            |         |         |    4.888|         |
n1state<0>     |         |         |   -0.458|   -0.458|
n1state<1>     |         |         |   -0.556|   -0.556|
n1state<2>     |         |         |   -0.527|   -0.527|
n2state<0>     |         |         |   -0.516|   -0.516|
n2state<1>     |         |         |   -0.753|   -0.753|
n2state<2>     |         |         |   -0.405|   -0.405|
n3state<0>     |         |         |   -0.463|   -0.463|
n3state<1>     |         |         |   -0.325|   -0.325|
n3state<2>     |         |         |   -0.791|   -0.791|
n4state<0>     |         |         |   -0.432|   -0.432|
n4state<1>     |         |         |   -0.856|   -0.856|
n4state<2>     |         |         |   -0.635|   -0.635|
n5state<0>     |         |         |   -0.392|   -0.392|
n5state<1>     |         |         |   -0.233|   -0.233|
n5state<2>     |         |         |   -0.841|   -0.841|
n6state<0>     |         |         |   -0.734|   -0.734|
n6state<1>     |         |         |   -0.382|   -0.382|
n6state<2>     |         |         |   -0.886|   -0.886|
n7state<0>     |         |         |   -0.379|   -0.379|
n7state<1>     |         |         |   -0.633|   -0.633|
n7state<2>     |         |         |   -0.491|   -0.491|
n8state<0>     |         |         |   -0.076|   -0.076|
n8state<1>     |         |         |   -0.189|   -0.189|
n8state<2>     |         |         |   -0.149|   -0.149|
---------------+---------+---------+---------+---------+


Analysis completed Sat May  4 00:04:54 2019 
--------------------------------------------------------------------------------

Trace Settings:
-------------------------
Trace Settings 

Peak Memory Usage: 794 MB



