--------------------------------------------------------------------------------
Release 14.7 Trace  (lin64)
Copyright (c) 1995-2013 Xilinx, Inc.  All rights reserved.

/opt/Xilinx/14.7/ISE_DS/ISE/bin/lin64/unwrapped/trce -intstyle ise -v 3 -s 2 -n
3 -fastpaths -xml Parser.twx Parser.ncd -o Parser.twr Parser.pcf

Design file:              Parser.ncd
Physical constraint file: Parser.pcf
Device,package,speed:     xc6slx45t,csg324,C,-2 (PRODUCTION 1.23 2013-10-13)
Report level:             verbose report

Environment Variable      Effect 
--------------------      ------ 
NONE                      No environment variables were set
--------------------------------------------------------------------------------

INFO:Timing:2698 - No timing constraints found, doing default enumeration.
INFO:Timing:3412 - To improve timing, see the Timing Closure User Guide (UG612).
INFO:Timing:2752 - To get complete path coverage, use the unconstrained paths 
   option. All paths that are not constrained will be reported in the 
   unconstrained paths section(s) of the report.
INFO:Timing:3339 - The clock-to-out numbers in this timing report are based on 
   a 50 Ohm transmission line loading model.  For the details of this model, 
   and for more information on accounting for different loading conditions, 
   please see the device datasheet.



Data Sheet report:
-----------------
All values displayed in nanoseconds (ns)

Setup/Hold to clock clk
------------+------------+------------+------------+------------+------------------+--------+
            |Max Setup to|  Process   |Max Hold to |  Process   |                  | Clock  |
Source      | clk (edge) |   Corner   | clk (edge) |   Corner   |Internal Clock(s) | Phase  |
------------+------------+------------+------------+------------+------------------+--------+
in1<0>      |    1.863(R)|      SLOW  |   -0.527(R)|      SLOW  |clk_BUFGP         |   0.000|
in1<1>      |    1.962(R)|      SLOW  |   -0.212(R)|      SLOW  |clk_BUFGP         |   0.000|
in1<2>      |    1.602(R)|      SLOW  |   -0.235(R)|      SLOW  |clk_BUFGP         |   0.000|
in1<3>      |    1.590(R)|      SLOW  |   -0.438(R)|      SLOW  |clk_BUFGP         |   0.000|
in1<4>      |    1.514(R)|      SLOW  |   -0.190(R)|      SLOW  |clk_BUFGP         |   0.000|
in1<5>      |    1.927(R)|      SLOW  |   -0.185(R)|      SLOW  |clk_BUFGP         |   0.000|
in1<6>      |    1.771(R)|      SLOW  |    0.095(R)|      SLOW  |clk_BUFGP         |   0.000|
in1<7>      |    1.596(R)|      SLOW  |   -0.010(R)|      SLOW  |clk_BUFGP         |   0.000|
validity    |    6.534(R)|      SLOW  |    0.144(R)|      SLOW  |clk_BUFGP         |   0.000|
------------+------------+------------+------------+------------+------------------+--------+

Clock clk to Pad
------------+-----------------+------------+-----------------+------------+------------------+--------+
            |Max (slowest) clk|  Process   |Min (fastest) clk|  Process   |                  | Clock  |
Destination |  (edge) to PAD  |   Corner   |  (edge) to PAD  |   Corner   |Internal Clock(s) | Phase  |
------------+-----------------+------------+-----------------+------------+------------------+--------+
hello_out   |        10.463(R)|      SLOW  |         4.455(R)|      FAST  |clk_BUFGP         |   0.000|
ls_out      |        10.132(R)|      SLOW  |         4.331(R)|      FAST  |clk_BUFGP         |   0.000|
------------+-----------------+------------+-----------------+------------+------------------+--------+

Clock to Setup on destination clock clk
---------------+---------+---------+---------+---------+
               | Src:Rise| Src:Fall| Src:Rise| Src:Fall|
Source Clock   |Dest:Rise|Dest:Rise|Dest:Fall|Dest:Fall|
---------------+---------+---------+---------+---------+
clk            |    9.460|         |         |         |
---------------+---------+---------+---------+---------+


Analysis completed Thu Apr 25 19:43:22 2019 
--------------------------------------------------------------------------------

Trace Settings:
-------------------------
Trace Settings 

Peak Memory Usage: 441 MB



